{
'project:buildbot-0.8.6p1/buildbot/changes/bonsaipoller.py':[
46,
104,
],
'project:buildbot-0.8.6p1/buildbot/changes/changes.py':[
238,
],
'project:buildbot-0.8.6p1/buildbot/changes/filter.py':[
63,
90,
],
'project:buildbot-0.8.6p1/buildbot/changes/hgbuildbot.py':[
46,
],
'project:buildbot-0.8.6p1/buildbot/changes/mail.py':[
82,
273,
409,
],
'project:buildbot-0.8.6p1/buildbot/changes/p4poller.py':[
100,
],
'project:buildbot-0.8.6p1/buildbot/changes/pb.py':[
36,
],
'project:buildbot-0.8.6p1/buildbot/changes/svnpoller.py':[
277,
],
'project:buildbot-0.8.6p1/buildbot/config.py':[
108,
210,
596,
],
'project:buildbot-0.8.6p1/buildbot/db/migrate/versions/001_initial.py':[
166,
],
'project:buildbot-0.8.6p1/buildbot/db/pool.py':[
167,
],
'project:buildbot-0.8.6p1/buildbot/ec2buildslave.py':[
45,
190,
],
'project:buildbot-0.8.6p1/buildbot/process/build.py':[
284,
358,
398,
],
'project:buildbot-0.8.6p1/buildbot/process/builder.py':[
250,
460,
],
'project:buildbot-0.8.6p1/buildbot/process/buildstep.py':[
226,
],
'project:buildbot-0.8.6p1/buildbot/process/debug.py':[
37,
],
'project:buildbot-0.8.6p1/buildbot/process/mtrlogobserver.py':[
106,
],
'project:buildbot-0.8.6p1/buildbot/process/users/manual.py':[
51,
99,
],
'project:buildbot-0.8.6p1/buildbot/schedulers/base.py':[
195,
],
'project:buildbot-0.8.6p1/buildbot/schedulers/forcesched.py':[
48,
237,
],
'project:buildbot-0.8.6p1/buildbot/schedulers/timed.py':[
301,
],
'project:buildbot-0.8.6p1/buildbot/schedulers/trysched.py':[
85,
],
'project:buildbot-0.8.6p1/buildbot/scripts/logwatcher.py':[
90,
],
'project:buildbot-0.8.6p1/buildbot/scripts/runner.py':[
96,
363,
558,
781,
1143,
],
'project:buildbot-0.8.6p1/buildbot/sourcestamp.py':[
131,
165,
],
'project:buildbot-0.8.6p1/buildbot/status/builder.py':[
173,
215,
320,
352,
],
'project:buildbot-0.8.6p1/buildbot/status/buildstep.py':[
273,
],
'project:buildbot-0.8.6p1/buildbot/status/logfile.py':[
445,
],
'project:buildbot-0.8.6p1/buildbot/status/mail.py':[
69,
169,
402,
540,
623,
],
'project:buildbot-0.8.6p1/buildbot/status/master.py':[
130,
],
'project:buildbot-0.8.6p1/buildbot/status/progress.py':[
91,
],
'project:buildbot-0.8.6p1/buildbot/status/status_gerrit.py':[
83,
],
'project:buildbot-0.8.6p1/buildbot/status/status_push.py':[
122,
],
'project:buildbot-0.8.6p1/buildbot/status/tinderbox.py':[
152,
],
'project:buildbot-0.8.6p1/buildbot/status/web/authz.py':[
122,
],
'project:buildbot-0.8.6p1/buildbot/status/web/base.py':[
421,
555,
],
'project:buildbot-0.8.6p1/buildbot/status/web/baseweb.py':[
145,
],
'project:buildbot-0.8.6p1/buildbot/status/web/build.py':[
144,
],
'project:buildbot-0.8.6p1/buildbot/status/web/builder.py':[
164,
310,
],
'project:buildbot-0.8.6p1/buildbot/status/web/buildstatus.py':[
22,
],
'project:buildbot-0.8.6p1/buildbot/status/web/console.py':[
28,
413,
497,
],
'project:buildbot-0.8.6p1/buildbot/status/web/feeds.py':[
98,
169,
],
'project:buildbot-0.8.6p1/buildbot/status/web/grid.py':[
222,
],
'project:buildbot-0.8.6p1/buildbot/status/web/slaves.py':[
67,
],
'project:buildbot-0.8.6p1/buildbot/status/web/status_json.py':[
287,
],
'project:buildbot-0.8.6p1/buildbot/status/web/waterfall.py':[
71,
229,
361,
430,
534,
689,
],
'project:buildbot-0.8.6p1/buildbot/status/words.py':[
389,
472,
713,
],
'project:buildbot-0.8.6p1/buildbot/steps/blocker.py':[
113,
200,
],
'project:buildbot-0.8.6p1/buildbot/steps/python_twisted.py':[
102,
209,
409,
503,
],
'project:buildbot-0.8.6p1/buildbot/steps/shell.py':[
150,
462,
526,
652,
],
'project:buildbot-0.8.6p1/buildbot/steps/source/oldsource.py':[
32,
504,
642,
786,
],
'project:buildbot-0.8.6p1/buildbot/steps/subunit.py':[
36,
],
'project:buildbot-0.8.6p1/buildbot/steps/trigger.py':[
77,
],
'project:buildbot-0.8.6p1/buildbot/test/fake/fakedb.py':[
710,
880,
],
'project:buildbot-0.8.6p1/buildbot/test/unit/test_db_changes.py':[
106,
],
'project:buildbot-0.8.6p1/buildbot/test/unit/test_status_persistent_queue.py':[
44,
],
'project:buildbot-0.8.6p1/contrib/buildbot_json.py':[
943,
978,
1017,
1078,
],
'project:buildbot-0.8.6p1/contrib/bzr_buildbot.py':[
123,
],
'project:buildbot-0.8.6p1/contrib/check_buildbot.py':[
25,
],
'project:buildbot-0.8.6p1/contrib/coverage2text.py':[
24,
],
'project:buildbot-0.8.6p1/contrib/git_buildbot.py':[
200,
],
'project:buildbot-0.8.6p1/contrib/post_build_request.py':[
26,
],
'project:buildbot-0.8.6p1/contrib/svn_buildbot.py':[
154,
],
'project:buildbot-0.8.6p1/contrib/windows/buildbot_service.py':[
138,
216,
],
'project:buildbot-slave-0.8.6p1/buildslave/commands/base.py':[
274,
438,
],
'project:buildbot-slave-0.8.6p1/buildslave/commands/repo.py':[
183,
],
'project:buildbot-slave-0.8.6p1/buildslave/commands/transfer.py':[
136,
316,
],
'project:buildbot-slave-0.8.6p1/buildslave/commands/utils.py':[
46,
],
'project:buildbot-slave-0.8.6p1/buildslave/runprocess.py':[
232,
395,
720,
],
'project:buildbot-slave-0.8.6p1/buildslave/scripts/logwatcher.py':[
98,
],
'project:buildbot-slave-0.8.6p1/buildslave/scripts/runner.py':[
52,
184,
],
'project:buildbot-slave-0.8.6p1/buildslave/test/fake/runprocess.py':[
136,
],
'project:buildbot-slave-0.8.6p1/contrib/windows/buildbot_service.py':[
138,
216,
],
'project:django-1.4/django/conf/__init__.py':[
83,
],
'project:django-1.4/django/contrib/admin/actions.py':[
13,
],
'project:django-1.4/django/contrib/admin/forms.py':[
20,
],
'project:django-1.4/django/contrib/admin/options.py':[
82,
227,
855,
922,
1010,
1102,
1254,
],
'project:django-1.4/django/contrib/admin/sites.py':[
49,
328,
388,
],
'project:django-1.4/django/contrib/admin/templatetags/admin_list.py':[
35,
81,
167,
280,
],
'project:django-1.4/django/contrib/admin/templatetags/admin_modify.py':[
22,
],
'project:django-1.4/django/contrib/admin/templatetags/log.py':[
23,
],
'project:django-1.4/django/contrib/admin/util.py':[
256,
312,
],
'project:django-1.4/django/contrib/admin/validation.py':[
14,
191,
262,
],
'project:django-1.4/django/contrib/admin/views/main.py':[
80,
298,
],
'project:django-1.4/django/contrib/admindocs/views.py':[
178,
],
'project:django-1.4/django/contrib/auth/handlers/modpython.py':[
4,
],
'project:django-1.4/django/contrib/auth/management/commands/changepassword.py':[
24,
],
'project:django-1.4/django/contrib/auth/management/commands/createsuperuser.py':[
46,
],
'project:django-1.4/django/contrib/auth/models.py':[
199,
376,
],
'project:django-1.4/django/contrib/auth/tests/auth_backends.py':[
112,
],
'project:django-1.4/django/contrib/auth/views.py':[
182,
],
'project:django-1.4/django/contrib/comments/templatetags/comments.py':[
17,
],
'project:django-1.4/django/contrib/comments/views/comments.py':[
30,
],
'project:django-1.4/django/contrib/contenttypes/management.py':[
5,
],
'project:django-1.4/django/contrib/contenttypes/views.py':[
7,
],
'project:django-1.4/django/contrib/flatpages/templatetags/flatpages.py':[
41,
],
'project:django-1.4/django/contrib/formtools/wizard/legacy.py':[
65,
],
'project:django-1.4/django/contrib/formtools/wizard/views.py':[
121,
243,
],
'project:django-1.4/django/contrib/gis/db/backends/oracle/operations.py':[
222,
],
'project:django-1.4/django/contrib/gis/db/backends/postgis/operations.py':[
71,
340,
483,
],
'project:django-1.4/django/contrib/gis/db/backends/spatialite/operations.py':[
292,
],
'project:django-1.4/django/contrib/gis/db/models/fields.py':[
141,
],
'project:django-1.4/django/contrib/gis/db/models/query.py':[
134,
571,
],
'project:django-1.4/django/contrib/gis/db/models/sql/compiler.py':[
10,
96,
],
'project:django-1.4/django/contrib/gis/feeds.py':[
31,
],
'project:django-1.4/django/contrib/gis/forms/fields.py':[
32,
],
'project:django-1.4/django/contrib/gis/gdal/envelope.py':[
34,
65,
91,
],
'project:django-1.4/django/contrib/gis/gdal/geometries.py':[
69,
395,
],
'project:django-1.4/django/contrib/gis/gdal/tests/test_ds.py':[
60,
],
'project:django-1.4/django/contrib/gis/geoip/base.py':[
55,
129,
],
'project:django-1.4/django/contrib/gis/geos/geometry.py':[
491,
],
'project:django-1.4/django/contrib/gis/geos/linestring.py':[
13,
],
'project:django-1.4/django/contrib/gis/maps/google/gmap.py':[
24,
],
'project:django-1.4/django/contrib/gis/maps/google/zoom.py':[
123,
],
'project:django-1.4/django/contrib/gis/sitemaps/views.py':[
36,
64,
],
'project:django-1.4/django/contrib/gis/tests/__init__.py':[
10,
],
'project:django-1.4/django/contrib/gis/utils/layermapping.py':[
148,
321,
452,
505,
],
'project:django-1.4/django/contrib/gis/utils/ogrinspect.py':[
119,
],
'project:django-1.4/django/contrib/gis/utils/srs.py':[
3,
],
'project:django-1.4/django/contrib/humanize/templatetags/humanize.py':[
171,
],
'project:django-1.4/django/contrib/localflavor/br/forms.py':[
101,
138,
],
'project:django-1.4/django/contrib/localflavor/ch/forms.py':[
102,
],
'project:django-1.4/django/contrib/localflavor/cn/forms.py':[
115,
],
'project:django-1.4/django/contrib/localflavor/cz/forms.py':[
57,
118,
],
'project:django-1.4/django/contrib/localflavor/de/forms.py':[
68,
],
'project:django-1.4/django/contrib/localflavor/es/forms.py':[
91,
],
'project:django-1.4/django/contrib/localflavor/hr/forms.py':[
79,
223,
],
'project:django-1.4/django/contrib/localflavor/id/forms.py':[
34,
115,
179,
],
'project:django-1.4/django/contrib/localflavor/kw/forms.py':[
40,
],
'project:django-1.4/django/contrib/localflavor/nl/forms.py':[
59,
85,
],
'project:django-1.4/django/contrib/localflavor/no/forms.py':[
42,
],
'project:django-1.4/django/contrib/localflavor/ro/forms.py':[
106,
],
'project:django-1.4/django/contrib/localflavor/se/forms.py':[
57,
115,
],
'project:django-1.4/django/contrib/localflavor/se/utils.py':[
23,
],
'project:django-1.4/django/contrib/localflavor/si/forms.py':[
30,
],
'project:django-1.4/django/contrib/localflavor/tr/forms.py':[
73,
],
'project:django-1.4/django/contrib/localflavor/us/forms.py':[
62,
],
'project:django-1.4/django/contrib/markup/templatetags/markup.py':[
34,
],
'project:django-1.4/django/contrib/redirects/middleware.py':[
6,
],
'project:django-1.4/django/contrib/sitemaps/__init__.py':[
66,
],
'project:django-1.4/django/contrib/sitemaps/views.py':[
28,
],
'project:django-1.4/django/contrib/staticfiles/finders.py':[
229,
],
'project:django-1.4/django/contrib/staticfiles/management/commands/collectstatic.py':[
81,
134,
211,
],
'project:django-1.4/django/contrib/staticfiles/storage.py':[
100,
175,
],
'project:django-1.4/django/contrib/syndication/views.py':[
93,
],
'project:django-1.4/django/core/cache/backends/db.py':[
87,
],
'project:django-1.4/django/core/cache/backends/filebased.py':[
111,
],
'project:django-1.4/django/core/files/move.py':[
38,
],
'project:django-1.4/django/core/files/storage.py':[
158,
],
'project:django-1.4/django/core/handlers/base.py':[
25,
72,
],
'project:django-1.4/django/core/mail/backends/filebased.py':[
11,
],
'project:django-1.4/django/core/management/__init__.py':[
264,
],
'project:django-1.4/django/core/management/base.py':[
198,
],
'project:django-1.4/django/core/management/commands/compilemessages.py':[
14,
],
'project:django-1.4/django/core/management/commands/createcachetable.py':[
22,
],
'project:django-1.4/django/core/management/commands/dumpdata.py':[
30,
119,
],
'project:django-1.4/django/core/management/commands/inspectdb.py':[
27,
],
'project:django-1.4/django/core/management/commands/loaddata.py':[
37,
],
'project:django-1.4/django/core/management/commands/makemessages.py':[
48,
150,
263,
],
'project:django-1.4/django/core/management/commands/runserver.py':[
41,
],
'project:django-1.4/django/core/management/commands/syncdb.py':[
24,
],
'project:django-1.4/django/core/management/sql.py':[
9,
55,
],
'project:django-1.4/django/core/management/templates.py':[
64,
212,
],
'project:django-1.4/django/core/management/validation.py':[
16,
],
'project:django-1.4/django/core/serializers/base.py':[
31,
],
'project:django-1.4/django/core/serializers/json.py':[
54,
],
'project:django-1.4/django/core/serializers/python.py':[
70,
],
'project:django-1.4/django/core/servers/fastcgi.py':[
90,
],
'project:django-1.4/django/core/urlresolvers.py':[
78,
237,
293,
356,
422,
],
'project:django-1.4/django/core/validators.py':[
61,
],
'project:django-1.4/django/db/backends/creation.py':[
31,
],
'project:django-1.4/django/db/backends/oracle/base.py':[
151,
472,
531,
660,
684,
760,
],
'project:django-1.4/django/db/backends/oracle/creation.py':[
46,
],
'project:django-1.4/django/db/backends/postgresql_psycopg2/base.py':[
157,
],
'project:django-1.4/django/db/models/base.py':[
32,
278,
467,
642,
694,
],
'project:django-1.4/django/db/models/deletion.py':[
133,
224,
],
'project:django-1.4/django/db/models/fields/__init__.py':[
166,
294,
322,
665,
747,
1077,
1198,
],
'project:django-1.4/django/db/models/fields/files.py':[
335,
],
'project:django-1.4/django/db/models/fields/related.py':[
127,
144,
175,
259,
331,
354,
624,
],
'project:django-1.4/django/db/models/loading.py':[
161,
],
'project:django-1.4/django/db/models/manager.py':[
8,
],
'project:django-1.4/django/db/models/options.py':[
66,
117,
388,
432,
],
'project:django-1.4/django/db/models/query.py':[
135,
165,
231,
380,
427,
1240,
1339,
1447,
1579,
],
'project:django-1.4/django/db/models/query_utils.py':[
113,
],
'project:django-1.4/django/db/models/sql/compiler.py':[
53,
168,
248,
333,
495,
573,
751,
794,
855,
934,
],
'project:django-1.4/django/db/models/sql/query.py':[
443,
559,
741,
851,
1030,
1219,
1270,
1481,
],
'project:django-1.4/django/db/models/sql/where.py':[
74,
130,
],
'project:django-1.4/django/db/utils.py':[
21,
],
'project:django-1.4/django/forms/extras/widgets.py':[
105,
],
'project:django-1.4/django/forms/fields.py':[
297,
333,
417,
497,
547,
873,
926,
],
'project:django-1.4/django/forms/forms.py':[
141,
],
'project:django-1.4/django/forms/formsets.py':[
191,
],
'project:django-1.4/django/forms/models.py':[
27,
133,
187,
502,
766,
1012,
],
'project:django-1.4/django/http/__init__.py':[
136,
],
'project:django-1.4/django/http/multipartparser.py':[
38,
92,
440,
],
'project:django-1.4/django/middleware/cache.py':[
91,
],
'project:django-1.4/django/middleware/common.py':[
35,
92,
],
'project:django-1.4/django/middleware/csrf.py':[
86,
],
'project:django-1.4/django/middleware/gzip.py':[
14,
],
'project:django-1.4/django/middleware/locale.py':[
27,
],
'project:django-1.4/django/shortcuts/__init__.py':[
47,
],
'project:django-1.4/django/template/base.py':[
234,
409,
524,
568,
608,
673,
738,
885,
934,
1036,
1061,
],
'project:django-1.4/django/template/debug.py':[
82,
],
'project:django-1.4/django/template/defaultfilters.py':[
106,
607,
816,
841,
],
'project:django-1.4/django/template/defaulttags.py':[
131,
323,
395,
503,
680,
997,
1196,
],
'project:django-1.4/django/template/loader.py':[
87,
],
'project:django-1.4/django/template/loader_tags.py':[
219,
],
'project:django-1.4/django/templatetags/future.py':[
36,
],
'project:django-1.4/django/templatetags/i18n.py':[
360,
],
'project:django-1.4/django/templatetags/tz.py':[
43,
],
'project:django-1.4/django/test/_doctest.py':[
271,
777,
875,
938,
975,
1177,
1379,
1455,
1532,
1834,
],
'project:django-1.4/django/test/html.py':[
59,
86,
],
'project:django-1.4/django/test/simple.py':[
98,
],
'project:django-1.4/django/test/testcases.py':[
153,
486,
720,
1091,
],
'project:django-1.4/django/utils/archive.py':[
133,
],
'project:django-1.4/django/utils/autoreload.py':[
55,
],
'project:django-1.4/django/utils/decorators.py':[
80,
],
'project:django-1.4/django/utils/dictconfig.py':[
184,
272,
457,
],
'project:django-1.4/django/utils/encoding.py':[
54,
104,
],
'project:django-1.4/django/utils/formats.py':[
59,
],
'project:django-1.4/django/utils/html.py':[
123,
],
'project:django-1.4/django/utils/html_parser.py':[
26,
],
'project:django-1.4/django/utils/ipv6.py':[
6,
143,
],
'project:django-1.4/django/utils/module_loading.py':[
6,
],
'project:django-1.4/django/utils/numberformat.py':[
5,
],
'project:django-1.4/django/utils/regex_helper.py':[
42,
237,
286,
],
'project:django-1.4/django/utils/simplejson/__init__.py':[
157,
219,
305,
],
'project:django-1.4/django/utils/simplejson/decoder.py':[
57,
139,
214,
],
'project:django-1.4/django/utils/simplejson/encoder.py':[
269,
322,
],
'project:django-1.4/django/utils/simplejson/scanner.py':[
27,
],
'project:django-1.4/django/utils/termcolors.py':[
12,
121,
],
'project:django-1.4/django/utils/text.py':[
77,
140,
],
'project:django-1.4/django/utils/timesince.py':[
6,
],
'project:django-1.4/django/utils/translation/trans_real.py':[
121,
366,
449,
],
'project:django-1.4/django/utils/unittest/case.py':[
106,
300,
525,
563,
623,
758,
],
'project:django-1.4/django/utils/unittest/compatibility.py':[
15,
],
'project:django-1.4/django/utils/unittest/loader.py':[
97,
163,
245,
],
'project:django-1.4/django/utils/unittest/main.py':[
114,
163,
],
'project:django-1.4/django/utils/unittest/runner.py':[
150,
],
'project:django-1.4/django/utils/unittest/suite.py':[
120,
190,
212,
],
'project:django-1.4/django/utils/unittest/util.py':[
65,
],
'project:django-1.4/django/views/debug.py':[
128,
153,
208,
324,
],
'project:django-1.4/django/views/decorators/http.py':[
77,
],
'project:django-1.4/django/views/generic/date_based.py':[
18,
59,
107,
187,
239,
317,
],
'project:django-1.4/django/views/generic/dates.py':[
520,
],
'project:django-1.4/django/views/generic/list_detail.py':[
14,
110,
],
'project:django-1.4/django/views/i18n.py':[
168,
],
'project:django-1.4/django/views/static.py':[
19,
115,
],
'project:django-1.4/docs/_ext/applyxrefs.py':[
32,
],
'project:django-1.4/docs/_ext/djangodocs.py':[
175,
],
'project:django-1.4/docs/_ext/literals_to_xrefs.py':[
40,
115,
],
'project:django-1.4/tests/regressiontests/i18n/commands/tests.py':[
8,
],
'project:django-1.4/tests/regressiontests/templates/tests.py':[
399,
],
'project:django-1.4/tests/regressiontests/test_client_regress/models.py':[
29,
],
'project:django-1.4/tests/runtests.py':[
173,
],
'project:tornado-2.3/demos/appengine/markdown.py':[
188,
279,
441,
828,
1578,
1758,
],
'project:tornado-2.3/demos/blog/markdown.py':[
188,
279,
441,
828,
1578,
1758,
],
'project:tornado-2.3/demos/s3server/s3server.py':[
137,
],
'project:tornado-2.3/tornado/auth.py':[
151,
],
'project:tornado-2.3/tornado/autoreload.py':[
140,
],
'project:tornado-2.3/tornado/curl_httpclient.py':[
275,
],
'project:tornado-2.3/tornado/escape.py':[
271,
],
'project:tornado-2.3/tornado/gen.py':[
322,
],
'project:tornado-2.3/tornado/httpclient.py':[
136,
],
'project:tornado-2.3/tornado/httpserver.py':[
225,
367,
],
'project:tornado-2.3/tornado/httputil.py':[
208,
],
'project:tornado-2.3/tornado/ioloop.py':[
251,
],
'project:tornado-2.3/tornado/iostream.py':[
258,
438,
636,
684,
],
'project:tornado-2.3/tornado/locale.py':[
261,
],
'project:tornado-2.3/tornado/netutil.py':[
195,
],
'project:tornado-2.3/tornado/options.py':[
115,
158,
226,
],
'project:tornado-2.3/tornado/platform/twisted.py':[
178,
],
'project:tornado-2.3/tornado/process.py':[
69,
],
'project:tornado-2.3/tornado/simple_httpclient.py':[
128,
237,
338,
390,
485,
],
'project:tornado-2.3/tornado/template.py':[
679,
],
'project:tornado-2.3/tornado/testing.py':[
323,
],
'project:tornado-2.3/tornado/web.py':[
360,
496,
662,
1528,
2019,
],
'project:tornado-2.3/tornado/websocket.py':[
570,
],
'project:tornado-2.3/tornado/wsgi.py':[
108,
],
'project:twisted-12.1.0/doc/mail/examples/smtpclient_tls.py':[
79,
],
'project:twisted-12.1.0/twisted/conch/checkers.py':[
197,
],
'project:twisted-12.1.0/twisted/conch/client/default.py':[
81,
172,
213,
],
'project:twisted-12.1.0/twisted/conch/insults/helper.py':[
68,
],
'project:twisted-12.1.0/twisted/conch/insults/insults.py':[
850,
],
'project:twisted-12.1.0/twisted/conch/insults/window.py':[
300,
],
'project:twisted-12.1.0/twisted/conch/ls.py':[
16,
],
'project:twisted-12.1.0/twisted/conch/scripts/cftp.py':[
745,
],
'project:twisted-12.1.0/twisted/conch/scripts/conch.py':[
90,
188,
342,
],
'project:twisted-12.1.0/twisted/conch/scripts/tkconch.py':[
112,
284,
],
'project:twisted-12.1.0/twisted/conch/ssh/factory.py':[
32,
],
'project:twisted-12.1.0/twisted/conch/ssh/filetransfer.py':[
91,
],
'project:twisted-12.1.0/twisted/conch/ssh/keys.py':[
65,
177,
],
'project:twisted-12.1.0/twisted/conch/ssh/transport.py':[
344,
],
'project:twisted-12.1.0/twisted/conch/telnet.py':[
509,
],
'project:twisted-12.1.0/twisted/conch/ui/ansi.py':[
97,
],
'project:twisted-12.1.0/twisted/conch/unix.py':[
385,
],
'project:twisted-12.1.0/twisted/cred/credentials.py':[
256,
],
'project:twisted-12.1.0/twisted/internet/_dumbwin32proc.py':[
119,
],
'project:twisted-12.1.0/twisted/internet/_oldtls.py':[
58,
123,
168,
],
'project:twisted-12.1.0/twisted/internet/_pollingfile.py':[
270,
],
'project:twisted-12.1.0/twisted/internet/_sslverify.py':[
705,
],
'project:twisted-12.1.0/twisted/internet/_threadedselect.py':[
152,
],
'project:twisted-12.1.0/twisted/internet/abstract.py':[
212,
],
'project:twisted-12.1.0/twisted/internet/base.py':[
174,
762,
826,
],
'project:twisted-12.1.0/twisted/internet/defer.py':[
476,
875,
1026,
],
'project:twisted-12.1.0/twisted/internet/endpoints.py':[
823,
],
'project:twisted-12.1.0/twisted/internet/iocpreactor/abstract.py':[
59,
197,
283,
],
'project:twisted-12.1.0/twisted/internet/iocpreactor/udp.py':[
153,
],
'project:twisted-12.1.0/twisted/internet/posixbase.py':[
334,
],
'project:twisted-12.1.0/twisted/internet/process.py':[
355,
616,
719,
],
'project:twisted-12.1.0/twisted/internet/protocol.py':[
355,
],
'project:twisted-12.1.0/twisted/internet/selectreactor.py':[
94,
],
'project:twisted-12.1.0/twisted/internet/tcp.py':[
530,
],
'project:twisted-12.1.0/twisted/internet/test/_win32ifaces.py':[
74,
],
'project:twisted-12.1.0/twisted/internet/test/reactormixins.py':[
312,
],
'project:twisted-12.1.0/twisted/internet/udp.py':[
152,
],
'project:twisted-12.1.0/twisted/internet/unix.py':[
105,
],
'project:twisted-12.1.0/twisted/internet/win32eventreactor.py':[
216,
],
'project:twisted-12.1.0/twisted/lore/scripts/lore.py':[
91,
],
'project:twisted-12.1.0/twisted/lore/slides.py':[
211,
],
'project:twisted-12.1.0/twisted/mail/imap4.py':[
369,
694,
811,
1528,
1967,
2470,
3559,
3647,
3686,
3916,
4143,
4250,
4820,
5491,
],
'project:twisted-12.1.0/twisted/mail/pop3.py':[
59,
363,
],
'project:twisted-12.1.0/twisted/mail/pop3client.py':[
454,
],
'project:twisted-12.1.0/twisted/mail/relaymanager.py':[
545,
],
'project:twisted-12.1.0/twisted/mail/scripts/mailmail.py':[
62,
226,
312,
],
'project:twisted-12.1.0/twisted/mail/smtp.py':[
372,
715,
780,
1548,
],
'project:twisted-12.1.0/twisted/mail/tap.py':[
226,
294,
],
'project:twisted-12.1.0/twisted/mail/test/pop3testserver.py':[
104,
],
'project:twisted-12.1.0/twisted/mail/test/test_smtp.py':[
480,
],
'project:twisted-12.1.0/twisted/manhole/service.py':[
95,
],
'project:twisted-12.1.0/twisted/names/authority.py':[
78,
],
'project:twisted-12.1.0/twisted/names/common.py':[
220,
],
'project:twisted-12.1.0/twisted/names/root.py':[
171,
329,
],
'project:twisted-12.1.0/twisted/names/srvconnect.py':[
111,
],
'project:twisted-12.1.0/twisted/names/tap.py':[
87,
],
'project:twisted-12.1.0/twisted/pair/tuntap.py':[
90,
],
'project:twisted-12.1.0/twisted/persisted/aot.py':[
176,
315,
],
'project:twisted-12.1.0/twisted/persisted/styles.py':[
213,
],
'project:twisted-12.1.0/twisted/plugin.py':[
123,
],
'project:twisted-12.1.0/twisted/protocols/amp.py':[
537,
],
'project:twisted-12.1.0/twisted/protocols/basic.py':[
543,
],
'project:twisted-12.1.0/twisted/protocols/dict.py':[
16,
],
'project:twisted-12.1.0/twisted/protocols/ftp.py':[
733,
878,
924,
1548,
],
'project:twisted-12.1.0/twisted/protocols/gps/nmea.py':[
62,
],
'project:twisted-12.1.0/twisted/protocols/gps/rockwell.py':[
76,
],
'project:twisted-12.1.0/twisted/protocols/memcache.py':[
533,
649,
],
'project:twisted-12.1.0/twisted/protocols/mice/mouseman.py':[
99,
],
'project:twisted-12.1.0/twisted/protocols/pcp.py':[
115,
],
'project:twisted-12.1.0/twisted/protocols/sip.py':[
329,
397,
428,
673,
],
'project:twisted-12.1.0/twisted/protocols/telnet.py':[
272,
],
'project:twisted-12.1.0/twisted/python/_release.py':[
1007,
],
'project:twisted-12.1.0/twisted/python/_shellcomp.py':[
34,
558,
],
'project:twisted-12.1.0/twisted/python/compat.py':[
17,
63,
],
'project:twisted-12.1.0/twisted/python/components.py':[
268,
],
'project:twisted-12.1.0/twisted/python/dist.py':[
55,
172,
211,
],
'project:twisted-12.1.0/twisted/python/failure.py':[
170,
385,
520,
],
'project:twisted-12.1.0/twisted/python/filepath.py':[
690,
1320,
],
'project:twisted-12.1.0/twisted/python/formmethod.py':[
289,
],
'project:twisted-12.1.0/twisted/python/lockfile.py':[
114,
],
'project:twisted-12.1.0/twisted/python/modules.py':[
111,
],
'project:twisted-12.1.0/twisted/python/rebuild.py':[
130,
],
'project:twisted-12.1.0/twisted/python/reflect.py':[
459,
739,
],
'project:twisted-12.1.0/twisted/python/test/test_shellcomp.py':[
60,
],
'project:twisted-12.1.0/twisted/python/text.py':[
15,
],
'project:twisted-12.1.0/twisted/python/usage.py':[
210,
370,
475,
859,
],
'project:twisted-12.1.0/twisted/python/util.py':[
272,
606,
935,
],
'project:twisted-12.1.0/twisted/python/zipstream.py':[
24,
],
'project:twisted-12.1.0/twisted/python/zshcomp.py':[
580,
],
'project:twisted-12.1.0/twisted/runner/inetdtap.py':[
64,
],
'project:twisted-12.1.0/twisted/spread/banana.py':[
157,
288,
],
'project:twisted-12.1.0/twisted/spread/jelly.py':[
468,
636,
],
'project:twisted-12.1.0/twisted/spread/pb.py':[
843,
881,
],
'project:twisted-12.1.0/twisted/test/iosim.py':[
213,
],
'project:twisted-12.1.0/twisted/test/test_process.py':[
865,
],
'project:twisted-12.1.0/twisted/trial/reporter.py':[
474,
],
'project:twisted-12.1.0/twisted/trial/runner.py':[
472,
],
'project:twisted-12.1.0/twisted/trial/test/test_loader.py':[
532,
],
'project:twisted-12.1.0/twisted/trial/util.py':[
270,
],
'project:twisted-12.1.0/twisted/web/_flatten.py':[
97,
],
'project:twisted-12.1.0/twisted/web/client.py':[
63,
],
'project:twisted-12.1.0/twisted/web/distrib.py':[
347,
],
'project:twisted-12.1.0/twisted/web/domhelpers.py':[
29,
],
'project:twisted-12.1.0/twisted/web/http.py':[
254,
889,
1515,
],
'project:twisted-12.1.0/twisted/web/microdom.py':[
546,
763,
799,
872,
941,
],
'project:twisted-12.1.0/twisted/web/server.py':[
184,
],
'project:twisted-12.1.0/twisted/web/static.py':[
280,
329,
593,
],
'project:twisted-12.1.0/twisted/web/sux.py':[
228,
315,
358,
388,
413,
],
'project:twisted-12.1.0/twisted/web/template.py':[
169,
],
'project:twisted-12.1.0/twisted/web/twcgi.py':[
61,
234,
],
'project:twisted-12.1.0/twisted/words/protocols/irc.py':[
176,
2587,
],
'project:twisted-12.1.0/twisted/words/protocols/jabber/jid.py':[
21,
67,
],
'project:twisted-12.1.0/twisted/words/protocols/jabber/xmpp_stringprep.py':[
137,
],
'project:twisted-12.1.0/twisted/words/protocols/msn.py':[
635,
1821,
2197,
],
'project:twisted-12.1.0/twisted/words/protocols/oscar.py':[
529,
671,
797,
],
'project:twisted-12.1.0/twisted/words/xish/domish.py':[
58,
602,
689,
],
'project:twisted-12.1.0/twisted/words/xish/xpath.py':[
217,
],
'project:twisted-12.1.0/twisted/words/xish/xpathparser.py':[
157,
],
}
