{
'project:buildbot-0.8.6p1/buildbot/status/words.py':[
104,
],
'project:django-1.4/django/contrib/admin/options.py':[
308,
],
'project:django-1.4/django/contrib/gis/geos/geometry.py':[
31,
],
'project:django-1.4/django/db/models/query.py':[
28,
],
'project:django-1.4/django/db/models/sql/compiler.py':[
14,
],
'project:django-1.4/django/db/models/sql/query.py':[
86,
],
'project:django-1.4/django/utils/unittest/case.py':[
151,
],
'project:tornado-2.3/demos/appengine/markdown.py':[
126,
],
'project:tornado-2.3/demos/blog/markdown.py':[
126,
],
'project:tornado-2.3/tornado/web.py':[
94,
],
'project:twisted-12.1.0/twisted/conch/scripts/cftp.py':[
127,
],
'project:twisted-12.1.0/twisted/mail/imap4.py':[
460,
2196,
],
'project:twisted-12.1.0/twisted/protocols/ftp.py':[
627,
],
'project:twisted-12.1.0/twisted/web/sux.py':[
76,
],
'project:twisted-12.1.0/twisted/words/protocols/irc.py':[
971,
],
}
