{
'project:buildbot-0.8.6p1/buildbot/buildslave.py':[
0,
],
'project:buildbot-0.8.6p1/buildbot/clients/tryclient.py':[
0,
],
'project:buildbot-0.8.6p1/buildbot/process/buildstep.py':[
0,
],
'project:buildbot-0.8.6p1/buildbot/scripts/runner.py':[
0,
],
'project:buildbot-0.8.6p1/buildbot/status/client.py':[
0,
],
'project:buildbot-0.8.6p1/buildbot/status/web/base.py':[
0,
],
'project:buildbot-0.8.6p1/buildbot/status/web/waterfall.py':[
0,
],
'project:buildbot-0.8.6p1/buildbot/status/words.py':[
0,
],
'project:buildbot-0.8.6p1/buildbot/steps/source/oldsource.py':[
0,
],
'project:buildbot-0.8.6p1/buildbot/test/fake/fakedb.py':[
0,
],
'project:buildbot-0.8.6p1/contrib/buildbot_json.py':[
0,
],
'project:django-1.4/django/contrib/admin/options.py':[
0,
],
'project:django-1.4/django/contrib/gis/gdal/geometries.py':[
0,
],
'project:django-1.4/django/contrib/gis/geos/geometry.py':[
0,
],
'project:django-1.4/django/db/backends/__init__.py':[
0,
],
'project:django-1.4/django/db/backends/oracle/base.py':[
0,
],
'project:django-1.4/django/db/models/base.py':[
0,
],
'project:django-1.4/django/db/models/fields/__init__.py':[
0,
],
'project:django-1.4/django/db/models/fields/related.py':[
0,
],
'project:django-1.4/django/db/models/query.py':[
0,
],
'project:django-1.4/django/db/models/sql/compiler.py':[
0,
],
'project:django-1.4/django/db/models/sql/query.py':[
0,
],
'project:django-1.4/django/forms/fields.py':[
0,
],
'project:django-1.4/django/forms/models.py':[
0,
],
'project:django-1.4/django/forms/widgets.py':[
0,
],
'project:django-1.4/django/http/__init__.py':[
0,
],
'project:django-1.4/django/template/base.py':[
0,
],
'project:django-1.4/django/template/defaultfilters.py':[
0,
],
'project:django-1.4/django/template/defaulttags.py':[
0,
],
'project:django-1.4/django/test/_doctest.py':[
0,
],
'project:django-1.4/django/test/testcases.py':[
0,
],
'project:django-1.4/django/utils/unittest/case.py':[
0,
],
'project:django-1.4/tests/regressiontests/admin_scripts/tests.py':[
0,
],
'project:django-1.4/tests/regressiontests/admin_views/tests.py':[
0,
],
'project:tornado-2.3/demos/appengine/markdown.py':[
0,
],
'project:tornado-2.3/demos/blog/markdown.py':[
0,
],
'project:tornado-2.3/tornado/web.py':[
0,
],
'project:twisted-12.1.0/twisted/conch/insults/insults.py':[
0,
],
'project:twisted-12.1.0/twisted/conch/insults/window.py':[
0,
],
'project:twisted-12.1.0/twisted/conch/scripts/cftp.py':[
0,
],
'project:twisted-12.1.0/twisted/conch/ssh/transport.py':[
0,
],
'project:twisted-12.1.0/twisted/conch/test/test_ssh.py':[
0,
],
'project:twisted-12.1.0/twisted/conch/test/test_transport.py':[
0,
],
'project:twisted-12.1.0/twisted/internet/base.py':[
0,
],
'project:twisted-12.1.0/twisted/internet/defer.py':[
0,
],
'project:twisted-12.1.0/twisted/internet/process.py':[
0,
],
'project:twisted-12.1.0/twisted/internet/test/test_tcp.py':[
0,
],
'project:twisted-12.1.0/twisted/mail/imap4.py':[
0,
],
'project:twisted-12.1.0/twisted/mail/pop3.py':[
0,
],
'project:twisted-12.1.0/twisted/mail/smtp.py':[
0,
],
'project:twisted-12.1.0/twisted/mail/test/test_imap.py':[
0,
],
'project:twisted-12.1.0/twisted/mail/test/test_mail.py':[
0,
],
'project:twisted-12.1.0/twisted/names/dns.py':[
0,
],
'project:twisted-12.1.0/twisted/news/database.py':[
0,
],
'project:twisted-12.1.0/twisted/news/nntp.py':[
0,
],
'project:twisted-12.1.0/twisted/protocols/amp.py':[
0,
],
'project:twisted-12.1.0/twisted/protocols/ftp.py':[
0,
],
'project:twisted-12.1.0/twisted/protocols/sip.py':[
0,
],
'project:twisted-12.1.0/twisted/python/filepath.py':[
0,
],
'project:twisted-12.1.0/twisted/python/util.py':[
0,
],
'project:twisted-12.1.0/twisted/spread/jelly.py':[
0,
],
'project:twisted-12.1.0/twisted/spread/pb.py':[
0,
],
'project:twisted-12.1.0/twisted/test/test_amp.py':[
0,
],
'project:twisted-12.1.0/twisted/test/test_defer.py':[
0,
],
'project:twisted-12.1.0/twisted/test/test_ftp.py':[
0,
],
'project:twisted-12.1.0/twisted/test/test_internet.py':[
0,
],
'project:twisted-12.1.0/twisted/test/test_pb.py':[
0,
],
'project:twisted-12.1.0/twisted/test/test_process.py':[
0,
],
'project:twisted-12.1.0/twisted/test/test_tcp.py':[
0,
],
'project:twisted-12.1.0/twisted/trial/reporter.py':[
0,
],
'project:twisted-12.1.0/twisted/trial/test/test_reporter.py':[
0,
],
'project:twisted-12.1.0/twisted/trial/unittest.py':[
0,
],
'project:twisted-12.1.0/twisted/web/client.py':[
0,
],
'project:twisted-12.1.0/twisted/web/http.py':[
0,
],
'project:twisted-12.1.0/twisted/web/microdom.py':[
0,
],
'project:twisted-12.1.0/twisted/web/static.py':[
0,
],
'project:twisted-12.1.0/twisted/web/sux.py':[
0,
],
'project:twisted-12.1.0/twisted/web/test/test_newclient.py':[
0,
],
'project:twisted-12.1.0/twisted/web/test/test_webclient.py':[
0,
],
'project:twisted-12.1.0/twisted/web/test/test_wsgi.py':[
0,
],
'project:twisted-12.1.0/twisted/words/protocols/irc.py':[
0,
],
'project:twisted-12.1.0/twisted/words/protocols/msn.py':[
0,
],
'project:twisted-12.1.0/twisted/words/protocols/oscar.py':[
0,
],
'project:twisted-12.1.0/twisted/words/service.py':[
0,
],
}
