{
'project:buildbot-0.8.6p1/buildbot/__init__.py':[
41,
],
'project:buildbot-0.8.6p1/buildbot/changes/bonsaipoller.py':[
57,
111,
],
'project:buildbot-0.8.6p1/buildbot/changes/changes.py':[
250,
263,
],
'project:buildbot-0.8.6p1/buildbot/changes/mail.py':[
354,
],
'project:buildbot-0.8.6p1/buildbot/changes/p4poller.py':[
178,
179,
],
'project:buildbot-0.8.6p1/buildbot/changes/svnpoller.py':[
247,
320,
324,
],
'project:buildbot-0.8.6p1/buildbot/db/migrate/versions/001_initial.py':[
243,
],
'project:buildbot-0.8.6p1/buildbot/db/pool.py':[
188,
190,
],
'project:buildbot-0.8.6p1/buildbot/ec2buildslave.py':[
69,
203,
],
'project:buildbot-0.8.6p1/buildbot/process/buildstep.py':[
915,
],
'project:buildbot-0.8.6p1/buildbot/process/users/manual.py':[
91,
139,
148,
170,
186,
],
'project:buildbot-0.8.6p1/buildbot/scripts/runner.py':[
88,
136,
141,
272,
277,
1197,
1202,
1214,
],
'project:buildbot-0.8.6p1/buildbot/status/builder.py':[
389,
493,
],
'project:buildbot-0.8.6p1/buildbot/status/buildstep.py':[
287,
],
'project:buildbot-0.8.6p1/buildbot/status/logfile.py':[
480,
493,
],
'project:buildbot-0.8.6p1/buildbot/status/mail.py':[
583,
],
'project:buildbot-0.8.6p1/buildbot/status/status_gerrit.py':[
96,
102,
],
'project:buildbot-0.8.6p1/buildbot/status/tinderbox.py':[
247,
],
'project:buildbot-0.8.6p1/buildbot/status/web/authz.py':[
143,
],
'project:buildbot-0.8.6p1/buildbot/status/web/baseweb.py':[
524,
],
'project:buildbot-0.8.6p1/buildbot/status/web/builder.py':[
173,
180,
360,
365,
407,
],
'project:buildbot-0.8.6p1/buildbot/status/web/console.py':[
217,
402,
405,
441,
507,
515,
],
'project:buildbot-0.8.6p1/buildbot/status/web/feeds.py':[
213,
],
'project:buildbot-0.8.6p1/buildbot/status/web/grid.py':[
199,
271,
],
'project:buildbot-0.8.6p1/buildbot/status/web/status_json.py':[
299,
314,
317,
],
'project:buildbot-0.8.6p1/buildbot/status/web/waterfall.py':[
382,
589,
642,
645,
723,
770,
795,
],
'project:buildbot-0.8.6p1/buildbot/steps/python.py':[
285,
],
'project:buildbot-0.8.6p1/buildbot/steps/python_twisted.py':[
540,
543,
545,
550,
],
'project:buildbot-0.8.6p1/buildbot/steps/shell.py':[
519,
],
'project:buildbot-0.8.6p1/buildbot/steps/trigger.py':[
183,
],
'project:buildbot-0.8.6p1/buildbot/test/fake/fakedb.py':[
894,
897,
900,
1122,
],
'project:buildbot-0.8.6p1/buildbot/util/loop.py':[
138,
],
'project:buildbot-0.8.6p1/contrib/buildbot_json.py':[
434,
877,
879,
1008,
1067,
1098,
1100,
],
'project:buildbot-0.8.6p1/contrib/bzr_buildbot.py':[
269,
293,
],
'project:buildbot-0.8.6p1/contrib/svn_watcher.py':[
214,
219,
],
'project:buildbot-0.8.6p1/contrib/windows/buildbot_service.py':[
529,
],
'project:buildbot-slave-0.8.6p1/buildslave/__init__.py':[
41,
],
'project:buildbot-slave-0.8.6p1/buildslave/commands/utils.py':[
82,
93,
],
'project:buildbot-slave-0.8.6p1/buildslave/runprocess.py':[
310,
],
'project:buildbot-slave-0.8.6p1/buildslave/test/fake/runprocess.py':[
115,
],
'project:buildbot-slave-0.8.6p1/contrib/windows/buildbot_service.py':[
529,
],
'project:django-1.4/django/contrib/admin/forms.py':[
30,
],
'project:django-1.4/django/contrib/admin/helpers.py':[
185,
],
'project:django-1.4/django/contrib/admin/options.py':[
1188,
1197,
],
'project:django-1.4/django/contrib/admin/sites.py':[
351,
356,
361,
399,
],
'project:django-1.4/django/contrib/admin/templatetags/admin_list.py':[
181,
185,
192,
197,
205,
302,
],
'project:django-1.4/django/contrib/admin/templatetags/admin_modify.py':[
17,
],
'project:django-1.4/django/contrib/admin/util.py':[
286,
293,
],
'project:django-1.4/django/contrib/admin/validation.py':[
32,
65,
70,
76,
87,
414,
],
'project:django-1.4/django/contrib/admin/views/main.py':[
110,
118,
245,
285,
335,
368,
],
'project:django-1.4/django/contrib/admindocs/views.py':[
237,
],
'project:django-1.4/django/contrib/auth/handlers/modpython.py':[
47,
],
'project:django-1.4/django/contrib/auth/management/commands/createsuperuser.py':[
75,
80,
82,
86,
96,
98,
108,
115,
],
'project:django-1.4/django/contrib/auth/models.py':[
205,
220,
],
'project:django-1.4/django/contrib/contenttypes/management.py':[
65,
],
'project:django-1.4/django/contrib/contenttypes/views.py':[
46,
52,
58,
],
'project:django-1.4/django/contrib/databrowse/datastructures.py':[
187,
],
'project:django-1.4/django/contrib/gis/db/backends/postgis/operations.py':[
538,
],
'project:django-1.4/django/contrib/gis/db/models/query.py':[
645,
673,
680,
695,
],
'project:django-1.4/django/contrib/gis/db/models/sql/compiler.py':[
39,
42,
59,
129,
],
'project:django-1.4/django/contrib/gis/feeds.py':[
44,
49,
59,
67,
70,
],
'project:django-1.4/django/contrib/gis/gdal/envelope.py':[
112,
114,
116,
118,
],
'project:django-1.4/django/contrib/gis/gdal/geometries.py':[
438,
],
'project:django-1.4/django/contrib/gis/gdal/tests/test_ds.py':[
100,
104,
160,
166,
183,
],
'project:django-1.4/django/contrib/gis/gdal/tests/test_srs.py':[
90,
],
'project:django-1.4/django/contrib/gis/geos/tests/test_geos.py':[
504,
509,
683,
],
'project:django-1.4/django/contrib/gis/geos/tests/test_mutable_list.py':[
112,
162,
],
'project:django-1.4/django/contrib/gis/maps/google/gmap.py':[
72,
],
'project:django-1.4/django/contrib/gis/sitemaps/kml.py':[
31,
],
'project:django-1.4/django/contrib/gis/tests/geoapp/tests.py':[
576,
589,
],
'project:django-1.4/django/contrib/gis/tests/test_spatialrefsys.py':[
86,
],
'project:django-1.4/django/contrib/gis/utils/layermapping.py':[
194,
218,
528,
553,
557,
561,
],
'project:django-1.4/django/contrib/gis/utils/ogrinfo.py':[
42,
],
'project:django-1.4/django/contrib/markup/templatetags/markup.py':[
77,
],
'project:django-1.4/django/contrib/sessions/backends/file.py':[
56,
],
'project:django-1.4/django/contrib/staticfiles/management/commands/collectstatic.py':[
231,
236,
],
'project:django-1.4/django/contrib/staticfiles/storage.py':[
224,
227,
237,
],
'project:django-1.4/django/core/cache/backends/filebased.py':[
128,
],
'project:django-1.4/django/core/files/storage.py':[
193,
],
'project:django-1.4/django/core/handlers/base.py':[
90,
94,
104,
110,
125,
134,
148,
167,
],
'project:django-1.4/django/core/handlers/wsgi.py':[
218,
],
'project:django-1.4/django/core/management/base.py':[
239,
],
'project:django-1.4/django/core/management/commands/compilemessages.py':[
31,
],
'project:django-1.4/django/core/management/commands/dumpdata.py':[
64,
68,
71,
74,
82,
86,
139,
147,
153,
178,
],
'project:django-1.4/django/core/management/commands/inspectdb.py':[
67,
87,
119,
124,
],
'project:django-1.4/django/core/management/commands/loaddata.py':[
113,
119,
129,
141,
146,
],
'project:django-1.4/django/core/management/commands/makemessages.py':[
71,
94,
117,
121,
],
'project:django-1.4/django/core/management/commands/shell.py':[
77,
],
'project:django-1.4/django/core/management/commands/syncdb.py':[
96,
123,
148,
],
'project:django-1.4/django/core/management/sql.py':[
82,
174,
],
'project:django-1.4/django/core/management/validation.py':[
49,
58,
67,
76,
83,
93,
107,
115,
119,
123,
129,
161,
170,
173,
209,
214,
225,
252,
257,
262,
268,
277,
278,
280,
284,
288,
290,
298,
],
'project:django-1.4/django/core/serializers/base.py':[
49,
57,
],
'project:django-1.4/django/core/serializers/python.py':[
94,
106,
],
'project:django-1.4/django/core/serializers/xml_serializer.py':[
228,
],
'project:django-1.4/django/core/urlresolvers.py':[
93,
249,
253,
259,
261,
303,
308,
368,
373,
376,
380,
449,
466,
],
'project:django-1.4/django/db/backends/__init__.py':[
954,
961,
],
'project:django-1.4/django/db/backends/creation.py':[
335,
],
'project:django-1.4/django/db/backends/mysql/introspection.py':[
85,
],
'project:django-1.4/django/db/backends/oracle/base.py':[
768,
783,
],
'project:django-1.4/django/db/backends/oracle/creation.py':[
70,
92,
],
'project:django-1.4/django/db/backends/sqlite3/creation.py':[
58,
],
'project:django-1.4/django/db/models/base.py':[
112,
324,
340,
362,
415,
526,
544,
664,
],
'project:django-1.4/django/db/models/deletion.py':[
175,
],
'project:django-1.4/django/db/models/fields/__init__.py':[
158,
179,
],
'project:django-1.4/django/db/models/fields/related.py':[
635,
1159,
],
'project:django-1.4/django/db/models/loading.py':[
146,
],
'project:django-1.4/django/db/models/manager.py':[
37,
],
'project:django-1.4/django/db/models/options.py':[
404,
],
'project:django-1.4/django/db/models/query.py':[
181,
260,
973,
1418,
1621,
1660,
1719,
1726,
],
'project:django-1.4/django/db/models/sql/compiler.py':[
113,
135,
192,
195,
212,
280,
394,
402,
628,
633,
642,
697,
720,
766,
],
'project:django-1.4/django/db/models/sql/query.py':[
496,
606,
899,
903,
906,
1080,
1191,
1307,
1328,
1360,
1381,
1392,
1415,
1442,
1655,
],
'project:django-1.4/django/db/models/sql/where.py':[
105,
191,
247,
],
'project:django-1.4/django/db/transaction.py':[
266,
],
'project:django-1.4/django/dispatch/dispatcher.py':[
229,
251,
],
'project:django-1.4/django/forms/extras/widgets.py':[
68,
76,
],
'project:django-1.4/django/forms/fields.py':[
138,
344,
734,
945,
952,
],
'project:django-1.4/django/forms/forms.py':[
168,
],
'project:django-1.4/django/forms/models.py':[
527,
549,
558,
650,
],
'project:django-1.4/django/forms/widgets.py':[
95,
122,
],
'project:django-1.4/django/http/__init__.py':[
50,
],
'project:django-1.4/django/http/multipartparser.py':[
154,
168,
174,
179,
185,
],
'project:django-1.4/django/template/base.py':[
269,
540,
576,
753,
766,
970,
982,
1088,
],
'project:django-1.4/django/template/defaulttags.py':[
184,
420,
1024,
],
'project:django-1.4/django/test/_doctest.py':[
953,
1210,
1274,
],
'project:django-1.4/django/test/client.py':[
124,
],
'project:django-1.4/django/test/html.py':[
96,
],
'project:django-1.4/django/test/simple.py':[
125,
150,
182,
220,
304,
],
'project:django-1.4/django/test/testcases.py':[
694,
1040,
1044,
1122,
],
'project:django-1.4/django/utils/archive.py':[
156,
158,
161,
],
'project:django-1.4/django/utils/autoreload.py':[
83,
88,
],
'project:django-1.4/django/utils/datastructures.py':[
390,
],
'project:django-1.4/django/utils/dictconfig.py':[
200,
289,
305,
312,
326,
335,
346,
376,
387,
400,
410,
],
'project:django-1.4/django/utils/encoding.py':[
73,
],
'project:django-1.4/django/utils/formats.py':[
43,
82,
],
'project:django-1.4/django/utils/functional.py':[
90,
],
'project:django-1.4/django/utils/html.py':[
149,
153,
157,
171,
181,
187,
],
'project:django-1.4/django/utils/ipv6.py':[
201,
],
'project:django-1.4/django/utils/module_loading.py':[
29,
44,
58,
],
'project:django-1.4/django/utils/regex_helper.py':[
111,
116,
162,
168,
328,
],
'project:django-1.4/django/utils/simplejson/decoder.py':[
118,
121,
170,
200,
243,
],
'project:django-1.4/django/utils/translation/trans_real.py':[
426,
470,
473,
486,
516,
522,
531,
575,
577,
],
'project:django-1.4/django/utils/unittest/case.py':[
338,
346,
],
'project:django-1.4/django/utils/unittest/loader.py':[
115,
267,
289,
293,
296,
],
'project:django-1.4/django/utils/unittest/main.py':[
131,
135,
139,
],
'project:django-1.4/django/utils/unittest/result.py':[
80,
84,
],
'project:django-1.4/django/utils/unittest/util.py':[
43,
48,
52,
82,
92,
],
'project:django-1.4/django/views/debug.py':[
141,
146,
171,
],
'project:django-1.4/django/views/i18n.py':[
235,
239,
],
'project:django-1.4/extras/csrf_migration_helper.py':[
254,
272,
],
'project:django-1.4/tests/modeltests/serializers/tests.py':[
465,
],
'project:django-1.4/tests/regressiontests/backends/tests.py':[
474,
],
'project:django-1.4/tests/regressiontests/templates/tests.py':[
470,
489,
],
'project:django-1.4/tests/regressiontests/urlpatterns_reverse/tests.py':[
218,
],
'project:django-1.4/tests/runtests.py':[
132,
],
'project:tornado-2.3/demos/appengine/markdown.py':[
211,
305,
329,
336,
345,
346,
348,
501,
509,
521,
878,
914,
918,
924,
931,
956,
959,
961,
1622,
1634,
1637,
1644,
1812,
1829,
1830,
1831,
],
'project:tornado-2.3/demos/blog/markdown.py':[
211,
305,
329,
336,
345,
346,
348,
501,
509,
521,
878,
914,
918,
924,
931,
956,
959,
961,
1622,
1634,
1637,
1644,
1812,
1829,
1830,
1831,
],
'project:tornado-2.3/tornado/curl_httpclient.py':[
210,
],
'project:tornado-2.3/tornado/gen.py':[
332,
339,
348,
365,
],
'project:tornado-2.3/tornado/httpserver.py':[
277,
284,
],
'project:tornado-2.3/tornado/ioloop.py':[
276,
329,
],
'project:tornado-2.3/tornado/iostream.py':[
354,
470,
479,
486,
493,
],
'project:tornado-2.3/tornado/options.py':[
382,
],
'project:tornado-2.3/tornado/simple_httpclient.py':[
411,
508,
],
'project:tornado-2.3/tornado/stack_context.py':[
263,
],
'project:tornado-2.3/tornado/template.py':[
688,
787,
791,
796,
800,
805,
820,
824,
],
'project:tornado-2.3/tornado/test/process_test.py':[
91,
],
'project:tornado-2.3/tornado/test/twisted_test.py':[
498,
],
'project:tornado-2.3/tornado/web.py':[
682,
811,
1135,
1361,
1381,
1785,
],
'project:twisted-12.1.0/doc/core/examples/dbcred.py':[
107,
115,
121,
],
'project:twisted-12.1.0/setup.py':[
32,
],
'project:twisted-12.1.0/twisted/conch/checkers.py':[
113,
115,
219,
],
'project:twisted-12.1.0/twisted/conch/insults/helper.py':[
317,
],
'project:twisted-12.1.0/twisted/conch/insults/insults.py':[
859,
864,
869,
874,
887,
],
'project:twisted-12.1.0/twisted/conch/openssh_compat/factory.py':[
54,
],
'project:twisted-12.1.0/twisted/conch/scripts/cftp.py':[
755,
],
'project:twisted-12.1.0/twisted/conch/scripts/conch.py':[
218,
],
'project:twisted-12.1.0/twisted/conch/ssh/session.py':[
247,
],
'project:twisted-12.1.0/twisted/conch/ssh/transport.py':[
430,
],
'project:twisted-12.1.0/twisted/conch/telnet.py':[
529,
577,
],
'project:twisted-12.1.0/twisted/conch/ui/ansi.py':[
116,
],
'project:twisted-12.1.0/twisted/cred/checkers.py':[
239,
],
'project:twisted-12.1.0/twisted/internet/_dumbwin32proc.py':[
210,
],
'project:twisted-12.1.0/twisted/internet/_threadedselect.py':[
179,
],
'project:twisted-12.1.0/twisted/internet/abstract.py':[
486,
],
'project:twisted-12.1.0/twisted/internet/cfreactor.py':[
189,
193,
],
'project:twisted-12.1.0/twisted/internet/defer.py':[
539,
550,
559,
590,
596,
1077,
],
'project:twisted-12.1.0/twisted/internet/kqreactor.py':[
277,
280,
],
'project:twisted-12.1.0/twisted/internet/posixbase.py':[
612,
616,
],
'project:twisted-12.1.0/twisted/internet/process.py':[
422,
667,
673,
786,
789,
],
'project:twisted-12.1.0/twisted/internet/tcp.py':[
980,
],
'project:twisted-12.1.0/twisted/internet/test/_posixifaces.py':[
101,
108,
],
'project:twisted-12.1.0/twisted/internet/test/reactormixins.py':[
273,
],
'project:twisted-12.1.0/twisted/internet/test/test_fdset.py':[
36,
],
'project:twisted-12.1.0/twisted/internet/udp.py':[
140,
],
'project:twisted-12.1.0/twisted/internet/unix.py':[
130,
277,
],
'project:twisted-12.1.0/twisted/internet/wxreactor.py':[
166,
168,
],
'project:twisted-12.1.0/twisted/lore/latex.py':[
131,
],
'project:twisted-12.1.0/twisted/lore/lint.py':[
115,
129,
132,
],
'project:twisted-12.1.0/twisted/lore/slides.py':[
216,
225,
],
'project:twisted-12.1.0/twisted/lore/tree.py':[
745,
],
'project:twisted-12.1.0/twisted/mail/imap4.py':[
1564,
1569,
2938,
3630,
3669,
3674,
3937,
3941,
3945,
3949,
3957,
3964,
3968,
4271,
4280,
4903,
],
'project:twisted-12.1.0/twisted/mail/pop3.py':[
396,
411,
569,
],
'project:twisted-12.1.0/twisted/mail/relaymanager.py':[
576,
582,
],
'project:twisted-12.1.0/twisted/mail/scripts/mailmail.py':[
257,
],
'project:twisted-12.1.0/twisted/mail/smtp.py':[
397,
400,
763,
810,
1365,
],
'project:twisted-12.1.0/twisted/mail/test/test_smtp.py':[
503,
],
'project:twisted-12.1.0/twisted/manhole/service.py':[
134,
139,
259,
],
'project:twisted-12.1.0/twisted/manhole/telnet.py':[
67,
],
'project:twisted-12.1.0/twisted/names/authority.py':[
116,
148,
152,
],
'project:twisted-12.1.0/twisted/names/dns.py':[
1928,
],
'project:twisted-12.1.0/twisted/news/database.py':[
482,
],
'project:twisted-12.1.0/twisted/news/nntp.py':[
537,
793,
],
'project:twisted-12.1.0/twisted/persisted/aot.py':[
335,
],
'project:twisted-12.1.0/twisted/persisted/styles.py':[
207,
],
'project:twisted-12.1.0/twisted/plugin.py':[
166,
217,
],
'project:twisted-12.1.0/twisted/protocols/gps/rockwell.py':[
126,
],
'project:twisted-12.1.0/twisted/protocols/ident.py':[
226,
],
'project:twisted-12.1.0/twisted/protocols/telnet.py':[
280,
307,
],
'project:twisted-12.1.0/twisted/python/_release.py':[
1031,
1095,
],
'project:twisted-12.1.0/twisted/python/_shellcomp.py':[
105,
484,
],
'project:twisted-12.1.0/twisted/python/compat.py':[
73,
78,
],
'project:twisted-12.1.0/twisted/python/dist.py':[
276,
],
'project:twisted-12.1.0/twisted/python/failure.py':[
278,
302,
],
'project:twisted-12.1.0/twisted/python/filepath.py':[
377,
709,
1375,
],
'project:twisted-12.1.0/twisted/python/lockfile.py':[
44,
135,
152,
],
'project:twisted-12.1.0/twisted/python/log.py':[
139,
202,
209,
],
'project:twisted-12.1.0/twisted/python/modules.py':[
142,
145,
149,
155,
159,
426,
],
'project:twisted-12.1.0/twisted/python/rebuild.py':[
161,
167,
173,
215,
244,
258,
],
'project:twisted-12.1.0/twisted/python/reflect.py':[
107,
113,
264,
447,
],
'project:twisted-12.1.0/twisted/python/text.py':[
34,
],
'project:twisted-12.1.0/twisted/python/util.py':[
294,
301,
400,
520,
592,
597,
644,
652,
865,
],
'project:twisted-12.1.0/twisted/python/zipstream.py':[
376,
379,
],
'project:twisted-12.1.0/twisted/python/zshcomp.py':[
490,
],
'project:twisted-12.1.0/twisted/runner/inetdtap.py':[
102,
135,
],
'project:twisted-12.1.0/twisted/spread/banana.py':[
122,
],
'project:twisted-12.1.0/twisted/spread/jelly.py':[
535,
546,
548,
],
'project:twisted-12.1.0/twisted/test/test_banana.py':[
76,
],
'project:twisted-12.1.0/twisted/trial/test/test_loader.py':[
564,
569,
573,
],
'project:twisted-12.1.0/twisted/trial/unittest.py':[
939,
956,
961,
],
'project:twisted-12.1.0/twisted/trial/util.py':[
293,
],
'project:twisted-12.1.0/twisted/web/client.py':[
439,
],
'project:twisted-12.1.0/twisted/web/http.py':[
695,
761,
1435,
1447,
],
'project:twisted-12.1.0/twisted/web/microdom.py':[
899,
906,
917,
],
'project:twisted-12.1.0/twisted/web/test/test_http.py':[
904,
],
'project:twisted-12.1.0/twisted/web/twcgi.py':[
261,
],
'project:twisted-12.1.0/twisted/words/protocols/irc.py':[
218,
2999,
],
'project:twisted-12.1.0/twisted/words/protocols/oscar.py':[
113,
143,
544,
569,
],
'project:twisted-12.1.0/twisted/words/xish/domish.py':[
612,
],
'project:twisted-12.1.0/twisted/words/xish/utility.py':[
274,
319,
],
'project:twisted-12.1.0/twisted/words/xish/xpath.py':[
211,
226,
],
'project:twisted-12.1.0/twisted/words/xish/xpathparser.py':[
145,
],
}
